// Jest Snapshot v1, https://goo.gl/fbAQLP

exports[`LastYearActivity creates snapshot 1`] = `
<DocumentFragment>
  <div
    class="mt-2 mb-1 undefined"
    data-testid="smallTitle"
  >
    <small
      class="card-title text-muted text-uppercase"
    >
      <span
        aria-level="5"
        role="heading"
      >
        Last year activity
      </span>
    </small>
  </div>
  <div
    class="d-flex flex-column w-100 mb-3 heatMap"
    data-testid="lastYearActivity"
  >
    <div
      class="d-flex flex-row justify-content-between w-100"
    >
      <div
        class="position-relative"
      >
        <div
          class="position-relative border border-1 heatMapCell level3"
          data-testid="heatMapCell"
        />
        <div
          class="tooltip popover end-0 popover"
          data-testid="heatMapPopover"
          role="tooltip"
        >
          <div
            class="popover-header lh-1 p-2 popoverHeader"
          >
            Nov'20
          </div>
          <div
            class="popover-body text-nowrap"
          >
            <div
              class="d-flex flex-row align-items-center"
            >
              <div
                class="me-2 border border-1 top-0 marker level3"
              />
              Releases: 
              <span
                class="fw-bold ms-2"
              >
                3
              </span>
            </div>
          </div>
        </div>
      </div>
      <div
        class="position-relative"
      >
        <div
          class="position-relative border border-1 heatMapCell level1"
          data-testid="heatMapCell"
        />
        <div
          class="tooltip popover end-0 popover"
          data-testid="heatMapPopover"
          role="tooltip"
        >
          <div
            class="popover-header lh-1 p-2 popoverHeader"
          >
            Dec'20
          </div>
          <div
            class="popover-body text-nowrap"
          >
            <div
              class="d-flex flex-row align-items-center"
            >
              <div
                class="me-2 border border-1 top-0 marker level1"
              />
              Releases: 
              <span
                class="fw-bold ms-2"
              >
                1
              </span>
            </div>
          </div>
        </div>
      </div>
      <div
        class="position-relative"
      >
        <div
          class="position-relative border border-1 heatMapCell level3"
          data-testid="heatMapCell"
        />
        <div
          class="tooltip popover end-0 popover"
          data-testid="heatMapPopover"
          role="tooltip"
        >
          <div
            class="popover-header lh-1 p-2 popoverHeader"
          >
            Jan'21
          </div>
          <div
            class="popover-body text-nowrap"
          >
            <div
              class="d-flex flex-row align-items-center"
            >
              <div
                class="me-2 border border-1 top-0 marker level3"
              />
              Releases: 
              <span
                class="fw-bold ms-2"
              >
                3
              </span>
            </div>
          </div>
        </div>
      </div>
      <div
        class="position-relative"
      >
        <div
          class="position-relative border border-1 heatMapCell level2"
          data-testid="heatMapCell"
        />
        <div
          class="tooltip popover end-0 popover"
          data-testid="heatMapPopover"
          role="tooltip"
        >
          <div
            class="popover-header lh-1 p-2 popoverHeader"
          >
            Feb'21
          </div>
          <div
            class="popover-body text-nowrap"
          >
            <div
              class="d-flex flex-row align-items-center"
            >
              <div
                class="me-2 border border-1 top-0 marker level2"
              />
              Releases: 
              <span
                class="fw-bold ms-2"
              >
                2
              </span>
            </div>
          </div>
        </div>
      </div>
      <div
        class="position-relative"
      >
        <div
          class="position-relative border border-1 heatMapCell level3"
          data-testid="heatMapCell"
        />
        <div
          class="tooltip popover end-0 popover"
          data-testid="heatMapPopover"
          role="tooltip"
        >
          <div
            class="popover-header lh-1 p-2 popoverHeader"
          >
            Mar'21
          </div>
          <div
            class="popover-body text-nowrap"
          >
            <div
              class="d-flex flex-row align-items-center"
            >
              <div
                class="me-2 border border-1 top-0 marker level3"
              />
              Releases: 
              <span
                class="fw-bold ms-2"
              >
                3
              </span>
            </div>
          </div>
        </div>
      </div>
      <div
        class="position-relative"
      >
        <div
          class="position-relative border border-1 heatMapCell level1"
          data-testid="heatMapCell"
        />
        <div
          class="tooltip popover end-0 popover"
          data-testid="heatMapPopover"
          role="tooltip"
        >
          <div
            class="popover-header lh-1 p-2 popoverHeader"
          >
            Apr'21
          </div>
          <div
            class="popover-body text-nowrap"
          >
            <div
              class="d-flex flex-row align-items-center"
            >
              <div
                class="me-2 border border-1 top-0 marker level1"
              />
              Releases: 
              <span
                class="fw-bold ms-2"
              >
                1
              </span>
            </div>
          </div>
        </div>
      </div>
      <div
        class="position-relative"
      >
        <div
          class="position-relative border border-1 heatMapCell level3"
          data-testid="heatMapCell"
        />
        <div
          class="tooltip popover end-0 popover"
          data-testid="heatMapPopover"
          role="tooltip"
        >
          <div
            class="popover-header lh-1 p-2 popoverHeader"
          >
            May'21
          </div>
          <div
            class="popover-body text-nowrap"
          >
            <div
              class="d-flex flex-row align-items-center"
            >
              <div
                class="me-2 border border-1 top-0 marker level3"
              />
              Releases: 
              <span
                class="fw-bold ms-2"
              >
                4
              </span>
            </div>
          </div>
        </div>
      </div>
      <div
        class="position-relative"
      >
        <div
          class="position-relative border border-1 heatMapCell level1"
          data-testid="heatMapCell"
        />
        <div
          class="tooltip popover end-0 popover"
          data-testid="heatMapPopover"
          role="tooltip"
        >
          <div
            class="popover-header lh-1 p-2 popoverHeader"
          >
            Jun'21
          </div>
          <div
            class="popover-body text-nowrap"
          >
            <div
              class="d-flex flex-row align-items-center"
            >
              <div
                class="me-2 border border-1 top-0 marker level1"
              />
              Releases: 
              <span
                class="fw-bold ms-2"
              >
                1
              </span>
            </div>
          </div>
        </div>
      </div>
      <div
        class="position-relative"
      >
        <div
          class="position-relative border border-1 heatMapCell level0 border"
          data-testid="heatMapCell"
        />
        <div
          class="tooltip popover end-0 popover"
          data-testid="heatMapPopover"
          role="tooltip"
        >
          <div
            class="popover-header lh-1 p-2 popoverHeader"
          >
            Jul'21
          </div>
          <div
            class="popover-body text-nowrap"
          >
            <div
              class="d-flex flex-row align-items-center"
            >
              <div
                class="me-2 border border-1 top-0 marker level0"
              />
              Releases: 
              <span
                class="fw-bold ms-2"
              >
                0
              </span>
            </div>
          </div>
        </div>
      </div>
      <div
        class="position-relative"
      >
        <div
          class="position-relative border border-1 heatMapCell level1"
          data-testid="heatMapCell"
        />
        <div
          class="tooltip popover end-0 popover"
          data-testid="heatMapPopover"
          role="tooltip"
        >
          <div
            class="popover-header lh-1 p-2 popoverHeader"
          >
            Aug'21
          </div>
          <div
            class="popover-body text-nowrap"
          >
            <div
              class="d-flex flex-row align-items-center"
            >
              <div
                class="me-2 border border-1 top-0 marker level1"
              />
              Releases: 
              <span
                class="fw-bold ms-2"
              >
                1
              </span>
            </div>
          </div>
        </div>
      </div>
      <div
        class="position-relative"
      >
        <div
          class="position-relative border border-1 heatMapCell level1"
          data-testid="heatMapCell"
        />
        <div
          class="tooltip popover end-0 popover"
          data-testid="heatMapPopover"
          role="tooltip"
        >
          <div
            class="popover-header lh-1 p-2 popoverHeader"
          >
            Sep'21
          </div>
          <div
            class="popover-body text-nowrap"
          >
            <div
              class="d-flex flex-row align-items-center"
            >
              <div
                class="me-2 border border-1 top-0 marker level1"
              />
              Releases: 
              <span
                class="fw-bold ms-2"
              >
                1
              </span>
            </div>
          </div>
        </div>
      </div>
      <div
        class="position-relative"
      >
        <div
          class="position-relative border border-1 heatMapCell level0 border"
          data-testid="heatMapCell"
        />
        <div
          class="tooltip popover end-0 popover"
          data-testid="heatMapPopover"
          role="tooltip"
        >
          <div
            class="popover-header lh-1 p-2 popoverHeader"
          >
            Oct'21
          </div>
          <div
            class="popover-body text-nowrap"
          >
            <div
              class="d-flex flex-row align-items-center"
            >
              <div
                class="me-2 border border-1 top-0 marker level0"
              />
              Releases: 
              <span
                class="fw-bold ms-2"
              >
                0
              </span>
            </div>
          </div>
        </div>
      </div>
    </div>
    <div
      class="d-flex flex-row justify-content-between w-100 legend"
    >
      <div>
        <small
          class="text-muted"
        >
          Nov'20
        </small>
      </div>
      <div>
        <small
          class="text-muted"
        >
          Apr'21
        </small>
      </div>
      <div>
        <small
          class="text-muted"
        >
          Oct'21
        </small>
      </div>
    </div>
  </div>
</DocumentFragment>
`;
