// Jest Snapshot v1, https://goo.gl/fbAQLP

exports[`MoreActionsButton creates snapshot 1`] = `
<DocumentFragment>
  <div
    class="d-none d-md-block position-relative ml-2"
  >
    <button
      aria-expanded="false"
      aria-label="Open menu"
      class="btn p-0 position-relative"
      type="button"
    >
      <div
        class="d-flex flex-row align-items-center justify-content-center"
      >
        <div
          class="rounded-circle d-flex align-items-center justify-content-center text-primary iconSubsWrapper iconWrapper"
        >
          <svg
            fill="currentColor"
            height="1em"
            stroke="currentColor"
            stroke-width="0"
            viewBox="0 0 20 20"
            width="1em"
            xmlns="http://www.w3.org/2000/svg"
          >
            <path
              d="M10 6a2 2 0 110-4 2 2 0 010 4zM10 12a2 2 0 110-4 2 2 0 010 4zM10 18a2 2 0 110-4 2 2 0 010 4z"
            />
          </svg>
        </div>
      </div>
    </button>
    <div
      class="dropdown-menu dropdown-menu-right p-0 dropdown"
      role="menu"
    >
      <div
        class="arrow arrow"
      />
      <button
        aria-label="Open embed widget modal"
        class="dropdown-item btn btn-sm rounded-0 text-dark"
      >
        <div
          class="d-flex flex-row align-items-center"
        >
          <svg
            class="mr-2 position-relative icon"
            fill="currentColor"
            height="1em"
            stroke="currentColor"
            stroke-width="0"
            viewBox="0 0 24 24"
            width="1em"
            xmlns="http://www.w3.org/2000/svg"
          >
            <path
              d="M8.293 6.293L2.586 12 8.293 17.707 9.707 16.293 5.414 12 9.707 7.707zM15.707 17.707L21.414 12 15.707 6.293 14.293 7.707 18.586 12 14.293 16.293z"
            />
          </svg>
          <div>
            Embed widget
          </div>
        </div>
      </button>
    </div>
  </div>
</DocumentFragment>
`;
