// Jest Snapshot v1, https://goo.gl/fbAQLP

exports[`RecommendedPackageCard creates snapshot 1`] = `
<DocumentFragment>
  <a
    class="d-inline-block text-dark h5 mb-2 mr-3"
    data-testid="recommended-pkg"
    href="/packages/helm/artifact-hub/artifact-hub"
  >
    <div
      class="badge badge-rounded badge-light rounded-pill d-flex flex-row align-items-center pl-0 pr-3 badge"
    >
      <div
        class="mr-2"
      >
        <div
          class="imageWrapper imageWrapper overflow-hidden"
        >
          <div
            class="d-flex align-items-center justify-content-center w-100 h-100"
          >
            <img
              alt="Icon"
              class="image iconLight"
              src="/static/media/helm-chart.svg"
            />
            <img
              alt="Icon"
              class="image iconDark"
              src="/static/media/helm-chart-light.svg"
            />
          </div>
        </div>
      </div>
      <div
        class="text-truncate text-dark font-weight-bold badgeContent"
      >
        <span>
          artifact-hub
        </span>
      </div>
    </div>
  </a>
</DocumentFragment>
`;
