// Jest Snapshot v1, https://goo.gl/fbAQLP

exports[`ValuesSchema creates snapshot 1`] = `
<DocumentFragment>
  <div
    class="position-relative undefined"
  >
    <div
      data-testid="elementWithTooltip"
    >
      <button
        class="btn btn-secondary btn-block btn-sm"
        data-testid="valuesSchemaBtn"
      >
        <div
          class="d-flex flex-row align-items-center justify-content-center text-uppercase"
        >
          <span
            aria-hidden="true"
            class="spinner-grow spinner-grow-sm"
            role="status"
          />
          <span
            class="ml-2 font-weight-bold"
          >
            Getting schema...
          </span>
        </div>
      </button>
    </div>
  </div>
</DocumentFragment>
`;
