// Jest Snapshot v1, https://goo.gl/fbAQLP

exports[`Claim Repository Modal - repositories section creates snapshot 1`] = `
<DocumentFragment>
  <div>
    <div
      class="modal-backdrop activeBackdrop"
      data-testid="modalBackdrop"
    />
    <div
      class="modal modal active d-block"
      role="dialog"
    >
      <div
        class="modal-dialog modal-xl"
      >
        <div
          class="modal-content content modal"
        >
          <div
            class="modal-header d-flex flex-row align-items-center header undefined"
          >
            <div
              class="h3 m-2 flex-grow-1 title"
            >
              Claim repository ownership
            </div>
            <button
              class="close"
              data-testid="closeModalBtn"
              type="button"
            >
              <span
                aria-hidden="true"
              >
                ×
              </span>
            </button>
          </div>
          <div
            class="modal-body p-4 h-100 d-flex flex-column"
          >
            <div
              class="w-100"
            >
              <div
                class="mt-4"
              >
                <p>
                  Before claiming a repository ownership, we need to verify that you actually own it. To prove that, you need to add a 
                  <a
                    class="link text-reset"
                    href="https://github.com/artifacthub/hub/blob/master/docs/metadata/artifacthub-repo.yml"
                    rel="noopener noreferrer"
                    role="button"
                    target="_blank"
                  >
                    <u>
                      metadata file
                    </u>
                  </a>
                   to your repository and include yourself (or the person who will do the request) as an owner. This will be checked during the ownership claim process. Please make sure the email used in the metatata file matches with the one you use in Artifact Hub.
                </p>
              </div>
              <form
                autocomplete="on"
                class="w-100 needs-validation"
                data-testid="claimRepoForm"
                novalidate=""
              >
                <div>
                  <div
                    class="d-flex flex-column my-3"
                  >
                    <label
                      class="font-weight-bold label"
                      for="description"
                    >
                      Repository:
                    </label>
                    <div
                      class="mt-2 searchWrapper"
                    >
                      <div
                        class="position-relative"
                      >
                        <div
                          class="flex-grow-1 d-flex align-items-strecht position-relative inputWrapper"
                        >
                          <input
                            autocomplete="new-input"
                            class="flex-grow-1 px-3 input"
                            data-testid="searchTypeaheadRepositoryInput"
                            disabled=""
                            name="searchRepo"
                            placeholder=""
                            required=""
                            spellcheck="false"
                            type="text"
                            value=""
                          />
                          <div
                            class="position-absolute text-secondary loading"
                          >
                            <span
                              class="spinner-border spinner-border-sm"
                              data-testid="searchBarSpinning"
                            />
                          </div>
                          <div
                            class="position-absolute invalid-feedback fieldFeedback"
                          >
                            This field is required
                          </div>
                        </div>
                        <div
                          class="dropdown-menu p-0 w-100 shadow-sm dropdown"
                          data-testid="searchTypeaheadRepositoryDropdown"
                        />
                      </div>
                    </div>
                  </div>
                  <label
                    class="font-weight-bold label"
                  >
                    Transfer to:
                  </label>
                  <div
                    class="form-check mb-2"
                  >
                    <input
                      class="form-check-input"
                      data-testid="radio_claim_user"
                      id="user"
                      name="claim"
                      required=""
                      type="radio"
                      value="user"
                    />
                    <label
                      class="form-check-label label"
                      for="user"
                    >
                      My user
                    </label>
                  </div>
                  <div
                    class="form-check mb-3"
                  >
                    <input
                      checked=""
                      class="form-check-input"
                      data-testid="radio_claim_org"
                      id="org"
                      name="claim"
                      required=""
                      type="radio"
                      value="org"
                    />
                    <label
                      class="form-check-label label"
                      for="org"
                    >
                      Organization
                    </label>
                  </div>
                </div>
                <div
                  class="d-flex flex-row align-items-center position-relative mb-3"
                >
                  <div
                    class="form-group w-75 mb-2"
                  >
                    <select
                      aria-label="org-select"
                      class="custom-select"
                      data-testid="select_claim_orgs"
                      required=""
                    />
                    <div
                      class="invalid-feedback fieldFeedback"
                    >
                      This field is required
                    </div>
                  </div>
                  <div
                    class="d-inline ml-3"
                  >
                    <span
                      class="spinner-border spinner-border-sm text-primary"
                    />
                  </div>
                </div>
                <small
                  class="text-muted text-break mt-3"
                >
                  <p>
                    It may take a few minutes for this change to be visible across the Hub.
                  </p>
                </small>
              </form>
            </div>
            <div>
              <div
                class="alertWrapper"
                data-testid="alertWrapper"
              />
            </div>
          </div>
          <div
            class="modal-footer p-3"
          >
            <button
              class="btn btn-sm btn-secondary"
              data-testid="claimRepoBtn"
              disabled=""
              type="button"
            >
              <div
                class="text-uppercase d-flex flex-row align-items-center"
              >
                <svg
                  class="mr-2"
                  fill="currentColor"
                  height="1em"
                  stroke="currentColor"
                  stroke-width="0"
                  viewBox="0 0 24 24"
                  width="1em"
                  xmlns="http://www.w3.org/2000/svg"
                >
                  <g>
                    <path
                      d="M0 0h24v24H0z"
                      fill="none"
                    />
                    <path
                      d="M16.05 12.05L21 17l-4.95 4.95-1.414-1.414 2.536-2.537L4 18v-2h13.172l-2.536-2.536 1.414-1.414zm-8.1-10l1.414 1.414L6.828 6 20 6v2H6.828l2.536 2.536L7.95 11.95 3 7l4.95-4.95z"
                    />
                  </g>
                </svg>
                <div>
                  Claim ownership
                </div>
              </div>
            </button>
          </div>
        </div>
      </div>
    </div>
  </div>
</DocumentFragment>
`;
