// Jest Snapshot v1, https://goo.gl/fbAQLP

exports[`CVSSVector creates snapshot 1`] = `
<DocumentFragment>
  <div
    class="d-flex flex-row align-items-baseline mt-3"
  >
    <div
      class="h6"
    >
      CVSS v3 Vector
    </div>
    <div
      class="ms-2"
    >
      (
      <small
        class="text-muted text-uppercase"
      >
        Source: 
      </small>
      nvd)
    </div>
  </div>
  <div
    class="d-flex flex-row align-items-baseline mt-2"
  >
    <div
      class="fw-bold text-muted text-uppercase me-2"
    >
      Score:
    </div>
    <div
      class="fw-bold"
    >
      9.8
    </div>
  </div>
  <div
    class="d-flex flex-row flex-wrap"
  >
    <div
      class="mt-3 metrics pe-4"
    >
      <div
        class="fw-bold text-muted text-uppercase mb-3"
      >
        Exploitability Metrics
      </div>
      <div
        class="d-flex flex-row flex-nowrap mb-2"
      >
        <div
          class="text-muted text-uppercase legend"
        >
          Attack Vector: 
        </div>
        <div
          class="ms-2 text-center px-1 badge"
          data-testid="metric_AV_P"
        >
          Physical
        </div>
        <div
          class="ms-2 text-center px-1 badge"
          data-testid="metric_AV_L"
        >
          Local
        </div>
        <div
          class="ms-2 text-center px-1 badge"
          data-testid="metric_AV_A"
        >
          Adjacent Network
        </div>
        <div
          class="ms-2 text-center px-1 badge fw-bold opacity-100 active4"
          data-testid="metric_AV_N"
        >
          Network
        </div>
      </div>
      <div
        class="d-flex flex-row flex-nowrap mb-2"
      >
        <div
          class="text-muted text-uppercase legend"
        >
          Attack Complexity: 
        </div>
        <div
          class="ms-2 text-center px-1 badge"
          data-testid="metric_AC_H"
        >
          High
        </div>
        <div
          class="ms-2 text-center px-1 badge fw-bold opacity-100 active3"
          data-testid="metric_AC_L"
        >
          Low
        </div>
      </div>
      <div
        class="d-flex flex-row flex-nowrap mb-2"
      >
        <div
          class="text-muted text-uppercase legend"
        >
          Privileges Required: 
        </div>
        <div
          class="ms-2 text-center px-1 badge"
          data-testid="metric_PR_H"
        >
          High
        </div>
        <div
          class="ms-2 text-center px-1 badge"
          data-testid="metric_PR_L"
        >
          Low
        </div>
        <div
          class="ms-2 text-center px-1 badge fw-bold opacity-100 active3"
          data-testid="metric_PR_N"
        >
          None
        </div>
      </div>
      <div
        class="d-flex flex-row flex-nowrap mb-2"
      >
        <div
          class="text-muted text-uppercase legend"
        >
          User Interaction: 
        </div>
        <div
          class="ms-2 text-center px-1 badge"
          data-testid="metric_UI_R"
        >
          Required
        </div>
        <div
          class="ms-2 text-center px-1 badge fw-bold opacity-100 active3"
          data-testid="metric_UI_N"
        >
          None
        </div>
      </div>
      <div
        class="d-flex flex-row flex-nowrap mb-2"
      >
        <div
          class="text-muted text-uppercase legend"
        >
          Scope: 
        </div>
        <div
          class="ms-2 text-center px-1 badge fw-bold opacity-100 active1"
          data-testid="metric_S_U"
        >
          Unchanged
        </div>
        <div
          class="ms-2 text-center px-1 badge"
          data-testid="metric_S_C"
        >
          Changed
        </div>
      </div>
    </div>
    <div
      class="mt-3 metrics"
    >
      <div
        class="fw-bold text-muted text-uppercase mb-3"
      >
        Impact Metrics
      </div>
      <div
        class="d-flex flex-row flex-nowrap mb-2"
      >
        <div
          class="text-muted text-uppercase legend"
        >
          Confidentiality: 
        </div>
        <div
          class="ms-2 text-center px-1 badge"
          data-testid="metric_C_N"
        >
          None
        </div>
        <div
          class="ms-2 text-center px-1 badge"
          data-testid="metric_C_L"
        >
          Low
        </div>
        <div
          class="ms-2 text-center px-1 badge fw-bold opacity-100 active3"
          data-testid="metric_C_H"
        >
          High
        </div>
      </div>
      <div
        class="d-flex flex-row flex-nowrap mb-2"
      >
        <div
          class="text-muted text-uppercase legend"
        >
          Integrity: 
        </div>
        <div
          class="ms-2 text-center px-1 badge"
          data-testid="metric_I_N"
        >
          None
        </div>
        <div
          class="ms-2 text-center px-1 badge"
          data-testid="metric_I_L"
        >
          Low
        </div>
        <div
          class="ms-2 text-center px-1 badge fw-bold opacity-100 active3"
          data-testid="metric_I_H"
        >
          High
        </div>
      </div>
      <div
        class="d-flex flex-row flex-nowrap mb-2"
      >
        <div
          class="text-muted text-uppercase legend"
        >
          Availability: 
        </div>
        <div
          class="ms-2 text-center px-1 badge"
          data-testid="metric_A_N"
        >
          None
        </div>
        <div
          class="ms-2 text-center px-1 badge"
          data-testid="metric_A_L"
        >
          Low
        </div>
        <div
          class="ms-2 text-center px-1 badge fw-bold opacity-100 active3"
          data-testid="metric_A_H"
        >
          High
        </div>
      </div>
    </div>
  </div>
</DocumentFragment>
`;
