// Jest Snapshot v1, https://goo.gl/fbAQLP

exports[`SecurityReport creates snapshot 1`] = `
<DocumentFragment>
  <div>
    <div
      class="mt-2 mb-1 undefined"
      data-testid="smallTitle"
    >
      <small
        class="card-title text-muted text-uppercase"
      >
        <span>
          Security Report
        </span>
      </small>
    </div>
    <div
      class="mb-3"
    >
      <div
        class="d-flex flex-row align-items-center mb-2"
      >
        <div>
          <small>
            <span
              class="font-weight-bold mr-1"
            >
              179
            </span>
             vulnerabilities found
          </small>
        </div>
        <svg
          class="text-warning ml-2"
          fill="currentColor"
          height="1em"
          stroke="currentColor"
          stroke-width="0"
          viewBox="0 0 576 512"
          width="1em"
          xmlns="http://www.w3.org/2000/svg"
        >
          <path
            d="M569.517 440.013C587.975 472.007 564.806 512 527.94 512H48.054c-36.937 0-59.999-40.055-41.577-71.987L246.423 23.985c18.467-32.009 64.72-31.951 83.154 0l239.94 416.028zM288 354c-25.405 0-46 20.595-46 46s20.595 46 46 46 46-20.595 46-46-20.595-46-46-46zm-43.673-165.346l7.418 136c.347 6.364 5.609 11.346 11.982 11.346h48.546c6.373 0 11.635-4.982 11.982-11.346l7.418-136c.375-6.874-5.098-12.654-11.982-12.654h-63.383c-6.884 0-12.356 5.78-11.981 12.654z"
          />
        </svg>
      </div>
      <div
        class="d-flex justify-content-between align-items-center pb-2 pb-md-0 pt-1 summary"
        data-testid="summaryItem"
      >
        <div
          class="d-flex flex-row align-items-center"
        >
          <span
            class="badge position-relative mr-2 badge"
            data-testid="summaryBadge"
            style="background-color: rgb(178, 3, 3);"
          >
             
          </span>
          <span
            class="text-uppercase title"
          >
            critical
          </span>
        </div>
        <span
          class="badge badge-pill badgeItems"
        >
          2
        </span>
      </div>
      <div
        class="d-flex justify-content-between align-items-center pb-2 pb-md-0 pt-1 summary"
        data-testid="summaryItem"
      >
        <div
          class="d-flex flex-row align-items-center"
        >
          <span
            class="badge position-relative mr-2 badge"
            data-testid="summaryBadge"
            style="background-color: rgb(255, 81, 82);"
          >
             
          </span>
          <span
            class="text-uppercase title"
          >
            high
          </span>
        </div>
        <span
          class="badge badge-pill badgeItems"
        >
          10
        </span>
      </div>
      <div
        class="d-flex justify-content-between align-items-center pb-2 pb-md-0 pt-1 summary"
        data-testid="summaryItem"
      >
        <div
          class="d-flex flex-row align-items-center"
        >
          <span
            class="badge position-relative mr-2 badge"
            data-testid="summaryBadge"
            style="background-color: rgb(255, 183, 96);"
          >
             
          </span>
          <span
            class="text-uppercase title"
          >
            medium
          </span>
        </div>
        <span
          class="badge badge-pill badgeItems"
        >
          105
        </span>
      </div>
      <div
        class="d-flex justify-content-between align-items-center pb-2 pb-md-0 pt-1 summary"
        data-testid="summaryItem"
      >
        <div
          class="d-flex flex-row align-items-center"
        >
          <span
            class="badge position-relative mr-2 badge"
            data-testid="summaryBadge"
            style="background-color: rgb(255, 226, 88);"
          >
             
          </span>
          <span
            class="text-uppercase title"
          >
            low
          </span>
        </div>
        <span
          class="badge badge-pill badgeItems"
        >
          53
        </span>
      </div>
      <div
        class="d-flex justify-content-between align-items-center pb-2 pb-md-0 pt-1 summary"
        data-testid="summaryItem"
      >
        <div
          class="d-flex flex-row align-items-center"
        >
          <span
            class="badge position-relative mr-2 badge"
            data-testid="summaryBadge"
            style="background-color: rgb(178, 178, 178);"
          >
             
          </span>
          <span
            class="text-uppercase title"
          >
            unknown
          </span>
        </div>
        <span
          class="badge badge-pill badgeItems"
        >
          9
        </span>
      </div>
      <div
        class="d-none d-md-block mt-md-3"
      >
        <div
          class="text-center"
        >
          <button
            class="btn btn-secondary btn-sm"
          >
            <small
              class="d-flex flex-row align-items-center text-uppercase"
            >
              <svg
                class="mr-2"
                fill="currentColor"
                height="1em"
                stroke="currentColor"
                stroke-width="0"
                viewBox="0 0 20 20"
                width="1em"
                xmlns="http://www.w3.org/2000/svg"
              >
                <path
                  d="M9 2a1 1 0 000 2h2a1 1 0 100-2H9z"
                />
                <path
                  clip-rule="evenodd"
                  d="M4 5a2 2 0 012-2 3 3 0 003 3h2a3 3 0 003-3 2 2 0 012 2v11a2 2 0 01-2 2H6a2 2 0 01-2-2V5zm3 4a1 1 0 000 2h.01a1 1 0 100-2H7zm3 0a1 1 0 000 2h3a1 1 0 100-2h-3zm-3 4a1 1 0 100 2h.01a1 1 0 100-2H7zm3 0a1 1 0 100 2h3a1 1 0 100-2h-3z"
                  fill-rule="evenodd"
                />
              </svg>
              <span>
                Open full report
              </span>
            </small>
          </button>
        </div>
      </div>
    </div>
  </div>
</DocumentFragment>
`;
