// Jest Snapshot v1, https://goo.gl/fbAQLP

exports[`SecurityModal creates snapshot 1`] = `
<DocumentFragment>
  <div>
    <button
      class="btn btn-secondary btn-sm"
    >
      <small
        class="d-flex flex-row align-items-center text-uppercase"
      >
        <svg
          class="mr-2"
          fill="currentColor"
          height="1em"
          stroke="currentColor"
          stroke-width="0"
          viewBox="0 0 20 20"
          width="1em"
          xmlns="http://www.w3.org/2000/svg"
        >
          <path
            d="M9 2a1 1 0 000 2h2a1 1 0 100-2H9z"
          />
          <path
            clip-rule="evenodd"
            d="M4 5a2 2 0 012-2 3 3 0 003 3h2a3 3 0 003-3 2 2 0 012 2v11a2 2 0 01-2 2H6a2 2 0 01-2-2V5zm3 4a1 1 0 000 2h.01a1 1 0 100-2H7zm3 0a1 1 0 000 2h3a1 1 0 100-2h-3zm-3 4a1 1 0 100 2h.01a1 1 0 100-2H7zm3 0a1 1 0 100 2h3a1 1 0 100-2h-3z"
            fill-rule="evenodd"
          />
        </svg>
        <span>
          Open full report
        </span>
      </small>
    </button>
  </div>
  <div>
    <div
      class="modal-backdrop activeBackdrop"
      data-testid="modalBackdrop"
    />
    <div
      class="modal modal active d-block"
      role="dialog"
    >
      <div
        class="modal-dialog modal-lg modal-dialog-centered modal-dialog-scrollable modalDialog"
      >
        <div
          class="modal-content content h-100"
        >
          <div
            class="modal-header d-flex flex-row align-items-center header undefined"
          >
            <div
              class="h3 m-2 title"
            >
              Security report
            </div>
            <button
              class="close"
              data-testid="closeModalBtn"
              type="button"
            >
              <span
                aria-hidden="true"
              >
                ×
              </span>
            </button>
          </div>
          <div
            class="modal-body p-4 h-100 d-flex flex-column"
          >
            <div
              class="m-3"
            >
              <div
                class="h5 mt-0 text-secondary text-uppercase font-weight-bold pb-2"
              >
                Summary
              </div>
              <div
                class="my-4 d-none d-lg-block"
              >
                <table
                  class="table table-bordered table-md table"
                >
                  <thead>
                    <tr
                      class="table-primary tableTitle"
                    >
                      <th
                        scope="col"
                      >
                        Image
                      </th>
                      <th
                        class="text-center"
                        scope="col"
                      >
                        Rating
                      </th>
                      <th
                        class="col text-center text-capitalize"
                      >
                        critical
                      </th>
                      <th
                        class="col text-center text-capitalize"
                      >
                        high
                      </th>
                      <th
                        class="col text-center text-capitalize"
                      >
                        medium
                      </th>
                      <th
                        class="col text-center text-capitalize"
                      >
                        low
                      </th>
                      <th
                        class="col text-center text-capitalize"
                      >
                        unknown
                      </th>
                      <th
                        class="text-center"
                        scope="col"
                      >
                        Total
                      </th>
                    </tr>
                  </thead>
                  <tbody>
                    <tr>
                      <td
                        class="imageName"
                      >
                        <div
                          class="text-truncate"
                        >
                          rook/ceph:v1.1.1
                        </div>
                      </td>
                      <td
                        class="text-center"
                      >
                        <div
                          class="position-relative undefined"
                        >
                          <div
                            data-testid="elementWithTooltip"
                          >
                            <small>
                              <div
                                class="badge badge-pill text-light font-weight-bold badge undefined"
                                style="background-color: rgb(150, 0, 3);"
                              >
                                F
                              </div>
                            </small>
                          </div>
                        </div>
                      </td>
                      <td
                        class="text-center"
                      >
                        4
                      </td>
                      <td
                        class="text-center"
                      >
                        22
                      </td>
                      <td
                        class="text-center"
                      >
                        461
                      </td>
                      <td
                        class="text-center"
                      >
                        455
                      </td>
                      <td
                        class="text-center"
                      >
                        0
                      </td>
                      <td
                        class="text-center font-weight-bold"
                      >
                        942
                      </td>
                    </tr>
                  </tbody>
                </table>
              </div>
              <div
                class="mb-4"
              >
                <div
                  class="h5 my-3 pt-2"
                >
                  <span
                    class="font-weight-bold"
                  >
                    109
                  </span>
                   vulnerabilities have been detected in the 
                  <span
                    class="font-weight-bold"
                  >
                    default images
                  </span>
                   used by this package.
                </div>
                <div
                  class="progress mb-4"
                  style="height: 25px;"
                >
                  <div
                    class="progress-bar text-dark px-1 font-weight-bold progressBar"
                    role="progressbar"
                    style="width: 3.669724770642202%; background-color: rgb(150, 0, 3);"
                  >
                    <span
                      class="badge badge-pill badge-light text-center badgeSummary"
                    >
                      4
                    </span>
                  </div>
                  <div
                    class="progress-bar text-dark px-1 font-weight-bold progressBar"
                    role="progressbar"
                    style="width: 7.339449541284404%; background-color: rgb(223, 42, 25);"
                  >
                    <span
                      class="badge badge-pill badge-light text-center badgeSummary"
                    >
                      8
                    </span>
                  </div>
                  <div
                    class="progress-bar text-dark px-1 font-weight-bold progressBar"
                    role="progressbar"
                    style="width: 27.522935779816514%; background-color: rgb(247, 134, 15);"
                  >
                    <span
                      class="badge badge-pill badge-light text-center badgeSummary"
                    >
                      30
                    </span>
                  </div>
                  <div
                    class="progress-bar text-dark px-1 font-weight-bold progressBar"
                    role="progressbar"
                    style="width: 61.46788990825688%; background-color: rgb(244, 189, 12);"
                  >
                    <span
                      class="badge badge-pill badge-light text-center badgeSummary"
                    >
                      67
                    </span>
                  </div>
                </div>
              </div>
              <div
                class="h5 pt-3 text-secondary text-uppercase font-weight-bold pb-3"
              >
                Vulnerabilities details
              </div>
              <div
                class="mt-3"
              >
                <div
                  class="my-1"
                >
                  <div
                    class="d-flex flex-row align-items-center font-weight-bold mb-2"
                  >
                    <svg
                      fill="currentColor"
                      height="1em"
                      stroke="currentColor"
                      stroke-width="0"
                      viewBox="0 0 16 16"
                      width="1em"
                      xmlns="http://www.w3.org/2000/svg"
                    >
                      <path
                        d="M1 4.27v7.47c0 .45.3.84.75.97l6.5 1.73c.16.05.34.05.5 0l6.5-1.73c.45-.13.75-.52.75-.97V4.27c0-.45-.3-.84-.75-.97l-6.5-1.74a1.4 1.4 0 0 0-.5 0L1.75 3.3c-.45.13-.75.52-.75.97zm7 9.09l-6-1.59V5l6 1.61v6.75zM2 4l2.5-.67L11 5.06l-2.5.67L2 4zm13 7.77l-6 1.59V6.61l2-.55V8.5l2-.53V5.53L15 5v6.77zm-2-7.24L6.5 2.8l2-.53L15 4l-2 .53z"
                        fill-rule="evenodd"
                      />
                    </svg>
                    <div
                      class="pl-2 text-truncate"
                    >
                      <span
                        class="text-uppercase text-muted mr-2 tableTitle"
                      >
                        Image:
                      </span>
                      rook/ceph:v1.1.1
                    </div>
                  </div>
                  <div
                    data-testid="securityReportInfo"
                  >
                    <div
                      class="ml-4 mb-3"
                    >
                      <button
                        class="btn btn-link text-reset pl-0 btn-block position-relative"
                        data-testid="btnExpand"
                      >
                        <div
                          class="d-flex flex-row align-items-center mb-2"
                        >
                          <svg
                            fill="currentColor"
                            height="1em"
                            stroke="currentColor"
                            stroke-width="0"
                            viewBox="0 0 192 512"
                            width="1em"
                            xmlns="http://www.w3.org/2000/svg"
                          >
                            <path
                              d="M0 384.662V127.338c0-17.818 21.543-26.741 34.142-14.142l128.662 128.662c7.81 7.81 7.81 20.474 0 28.284L34.142 398.804C21.543 411.404 0 402.48 0 384.662z"
                            />
                          </svg>
                          <div
                            class="tableTitle font-weight-bold mr-3 text-truncate"
                            data-testid="targetTitle"
                          >
                            <span
                              class="text-uppercase text-muted mr-2"
                            >
                              Target:
                            </span>
                            <span
                              class="font-weight-bold"
                            >
                              centos 7.7.1908
                            </span>
                          </div>
                          <div
                            class="tableTitle d-flex flex-row align-items-center font-weight-bold text-nowrap"
                          >
                            <span
                              class="text-uppercase text-muted"
                            >
                              Rating:
                            </span>
                            <div
                              class="position-relative ml-2 securityRatingBadge"
                            >
                              <div
                                data-testid="elementWithTooltip"
                              >
                                <small>
                                  <div
                                    class="badge badge-pill text-light font-weight-bold badge ml-2 securityRatingBadge"
                                    style="background-color: rgb(150, 0, 3);"
                                  >
                                    F
                                  </div>
                                </small>
                              </div>
                            </div>
                          </div>
                          <div
                            class="badge badge-secondary ml-3 badge"
                          >
                            Show vulnerabilities
                          </div>
                        </div>
                      </button>
                    </div>
                    <div
                      class="ml-4 mb-3"
                    >
                      <button
                        class="btn btn-link text-reset pl-0 btn-block position-relative"
                        data-testid="btnExpand"
                      >
                        <div
                          class="d-flex flex-row align-items-center mb-2"
                        >
                          <svg
                            fill="currentColor"
                            height="1em"
                            stroke="currentColor"
                            stroke-width="0"
                            viewBox="0 0 192 512"
                            width="1em"
                            xmlns="http://www.w3.org/2000/svg"
                          >
                            <path
                              d="M0 384.662V127.338c0-17.818 21.543-26.741 34.142-14.142l128.662 128.662c7.81 7.81 7.81 20.474 0 28.284L34.142 398.804C21.543 411.404 0 402.48 0 384.662z"
                            />
                          </svg>
                          <div
                            class="tableTitle font-weight-bold mr-3 text-truncate"
                            data-testid="targetTitle"
                          >
                            <span
                              class="text-uppercase text-muted mr-2"
                            >
                              Target:
                            </span>
                            <span
                              class="font-weight-bold"
                            >
                              usr/share/ceph/mgr/dashboard/frontend/package-lock.json
                            </span>
                          </div>
                          <div
                            class="tableTitle d-flex flex-row align-items-center font-weight-bold text-nowrap"
                          >
                            <span
                              class="text-uppercase text-muted"
                            >
                              Rating:
                            </span>
                            <div
                              class="position-relative ml-2 securityRatingBadge"
                            >
                              <div
                                data-testid="elementWithTooltip"
                              >
                                <small>
                                  <div
                                    class="badge badge-pill text-light font-weight-bold badge ml-2 securityRatingBadge"
                                    style="background-color: rgb(247, 134, 15);"
                                  >
                                    C
                                  </div>
                                </small>
                              </div>
                            </div>
                          </div>
                          <div
                            class="badge badge-secondary ml-3 badge"
                          >
                            Show vulnerabilities
                          </div>
                        </div>
                      </button>
                    </div>
                  </div>
                </div>
              </div>
            </div>
            <div
              class="alertWrapper"
              data-testid="alertWrapper"
            />
          </div>
          <div
            class="modal-footer p-3"
          >
            <button
              class="btn btn-sm btn-secondary text-uppercase"
              data-testid="closeModalFooterBtn"
              type="button"
            >
              <div
                class="d-flex flex-row align-items-center"
              >
                <svg
                  class="mr-2"
                  fill="currentColor"
                  height="1em"
                  stroke="currentColor"
                  stroke-width="0"
                  viewBox="0 0 24 24"
                  width="1em"
                  xmlns="http://www.w3.org/2000/svg"
                >
                  <path
                    d="M19 6.41L17.59 5 12 10.59 6.41 5 5 6.41 10.59 12 5 17.59 6.41 19 12 13.41 17.59 19 19 17.59 13.41 12z"
                  />
                </svg>
                <div>
                  Close
                </div>
              </div>
            </button>
          </div>
        </div>
      </div>
    </div>
  </div>
</DocumentFragment>
`;
