// Jest Snapshot v1, https://goo.gl/fbAQLP

exports[`CustomInstall creates snapshot 1`] = `
<DocumentFragment>
  <span
    data-testid="readme"
  >
    <div
      class="mt-3 mb-5 md"
    >
      <div
        class="my-2"
      >
        <small
          class="text-muted mt-2 mb-1"
        >
          Install using Helm\\n\\n
          <code>
            \\nhelm upgrade falco -f https://api.securityhub.dev/resources/falco-rules/cve-2019-11246/custom-rules.yaml stable/falco\\n
          </code>
          \\n
        </small>
      </div>
    </div>
  </span>
</DocumentFragment>
`;
