// Jest Snapshot v1, https://goo.gl/fbAQLP

exports[`BannerMOTD creates snapshot 1`] = `
<DocumentFragment>
  <div
    aria-atomic="true"
    aria-live="assertive"
    class="alert mb-0 py-2 rounded-0 text-center alert-info infoAlert wrapper motdBanner"
    role="alert"
  >
    <div
      class="container-lg px-sm-4 px-lg-0"
    >
      this is a sample
    </div>
    <button
      aria-label="Close banner"
      class="btn-close position-absolute close"
      type="button"
    />
  </div>
</DocumentFragment>
`;
