// Jest Snapshot v1, https://goo.gl/fbAQLP

exports[`Filters creates snapshot 1`] = `
<DocumentFragment>
  <div
    class="filters"
  >
    <div
      class="d-flex flex-row align-items-baseline"
    >
      <div
        class="custom-control custom-checkbox mr-sm-2 mb-2 checkbox"
      >
        <input
          class="custom-control-input input"
          data-testid="checkbox"
          id="official-official"
          name="official"
          type="checkbox"
          value="official"
        />
        <label
          class="custom-control-label w-100 label"
          data-testid="checkboxLabel"
          for="official-official"
        >
          <div
            class="d-flex align-items-baseline mw-100"
          >
            <span
              class="d-inline-block text-truncate"
            >
              Official
            </span>
          </div>
        </label>
      </div>
      <div
        class="d-none d-md-block"
      >
        <div
          class="position-relative tooltipIcon"
        >
          <div
            data-testid="elementWithTooltip"
          >
            <svg
              fill="currentColor"
              height="1em"
              stroke="currentColor"
              stroke-width="0"
              viewBox="0 0 24 24"
              width="1em"
              xmlns="http://www.w3.org/2000/svg"
            >
              <path
                d="M11 17h2v-6h-2v6zm1-15C6.48 2 2 6.48 2 12s4.48 10 10 10 10-4.48 10-10S17.52 2 12 2zm0 18c-4.41 0-8-3.59-8-8s3.59-8 8-8 8 3.59 8 8-3.59 8-8 8zM11 9h2V7h-2v2z"
              />
            </svg>
          </div>
        </div>
      </div>
    </div>
    <div
      class="d-flex flex-row align-items-baseline"
    >
      <div
        class="custom-control custom-checkbox mr-sm-2 mb-2 checkbox"
      >
        <input
          class="custom-control-input input"
          data-testid="checkbox"
          id="verifiedPublisher-verifiedPublisher"
          name="verifiedPublisher"
          type="checkbox"
          value="verifiedPublisher"
        />
        <label
          class="custom-control-label w-100 label"
          data-testid="checkboxLabel"
          for="verifiedPublisher-verifiedPublisher"
        >
          <div
            class="d-flex align-items-baseline mw-100"
          >
            <span
              class="d-inline-block text-truncate"
            >
              Verified publishers
            </span>
          </div>
        </label>
      </div>
      <div
        class="d-none d-md-block"
      >
        <div
          class="position-relative tooltipIcon"
        >
          <div
            data-testid="elementWithTooltip"
          >
            <svg
              fill="currentColor"
              height="1em"
              stroke="currentColor"
              stroke-width="0"
              viewBox="0 0 24 24"
              width="1em"
              xmlns="http://www.w3.org/2000/svg"
            >
              <path
                d="M11 17h2v-6h-2v6zm1-15C6.48 2 2 6.48 2 12s4.48 10 10 10 10-4.48 10-10S17.52 2 12 2zm0 18c-4.41 0-8-3.59-8-8s3.59-8 8-8 8 3.59 8 8-3.59 8-8 8zM11 9h2V7h-2v2z"
              />
            </svg>
          </div>
        </div>
      </div>
    </div>
    <div
      class="mt-1 mt-sm-2 pt-1 facet"
      role="menuitem"
    >
      <div
        class="mt-2 mb-1 undefined"
        data-testid="smallTitle"
      >
        <small
          class="card-title text-muted text-uppercase"
        >
          <span
            class="text-secondary font-weight-bold"
          >
            Kind
          </span>
        </small>
      </div>
      <div
        class="mt-3"
      >
        <div
          class="custom-control custom-checkbox mr-sm-2 mb-2 checkbox"
        >
          <input
            class="custom-control-input input"
            data-testid="checkbox"
            id="kind-0"
            name="kind"
            type="checkbox"
            value="0"
          />
          <label
            class="custom-control-label w-100 label"
            data-testid="checkboxLabel"
            for="kind-0"
          >
            <div
              class="d-flex align-items-baseline mw-100"
            >
              <span
                class="d-inline-block text-truncate"
              >
                Helm charts
              </span>
              <small
                class="pl-1"
              >
                (1520)
              </small>
            </div>
          </label>
        </div>
        <div
          class="custom-control custom-checkbox mr-sm-2 mb-2 checkbox"
        >
          <input
            class="custom-control-input input"
            data-testid="checkbox"
            id="kind-3"
            name="kind"
            type="checkbox"
            value="3"
          />
          <label
            class="custom-control-label w-100 label"
            data-testid="checkboxLabel"
            for="kind-3"
          >
            <div
              class="d-flex align-items-baseline mw-100"
            >
              <span
                class="d-inline-block text-truncate"
              >
                OLM operators
              </span>
              <small
                class="pl-1"
              >
                (152)
              </small>
            </div>
          </label>
        </div>
        <div
          class="custom-control custom-checkbox mr-sm-2 mb-2 checkbox"
        >
          <input
            class="custom-control-input input"
            data-testid="checkbox"
            id="kind-1"
            name="kind"
            type="checkbox"
            value="1"
          />
          <label
            class="custom-control-label w-100 label"
            data-testid="checkboxLabel"
            for="kind-1"
          >
            <div
              class="d-flex align-items-baseline mw-100"
            >
              <span
                class="d-inline-block text-truncate"
              >
                Falco rules
              </span>
              <small
                class="pl-1"
              >
                (21)
              </small>
            </div>
          </label>
        </div>
        <div
          class="custom-control custom-checkbox mr-sm-2 mb-2 checkbox"
        >
          <input
            class="custom-control-input input"
            data-testid="checkbox"
            id="kind-2"
            name="kind"
            type="checkbox"
            value="2"
          />
          <label
            class="custom-control-label w-100 label"
            data-testid="checkboxLabel"
            for="kind-2"
          >
            <div
              class="d-flex align-items-baseline mw-100"
            >
              <span
                class="d-inline-block text-truncate"
              >
                OPA policies
              </span>
              <small
                class="pl-1"
              >
                (1)
              </small>
            </div>
          </label>
        </div>
      </div>
    </div>
    <div
      class="mt-2 mt-sm-3 pt-1"
      role="menuitem"
    >
      <div
        class="mt-2 mb-1 undefined"
        data-testid="smallTitle"
      >
        <small
          class="card-title text-muted text-uppercase"
        >
          <span
            class="text-secondary font-weight-bold"
          >
            Category
          </span>
        </small>
      </div>
      <div
        class="mt-3"
      >
        <div
          class="custom-control custom-checkbox mr-sm-2 mb-2 checkbox"
        >
          <input
            class="custom-control-input input"
            data-testid="checkbox"
            id="tsQuery-database"
            name="tsQuery"
            type="checkbox"
            value="database"
          />
          <label
            class="custom-control-label w-100 label"
            data-testid="checkboxLabel"
            for="tsQuery-database"
          >
            <div
              class="d-flex align-items-baseline mw-100"
            >
              <span
                class="d-inline-block text-truncate"
              >
                Database
              </span>
            </div>
          </label>
        </div>
        <div
          class="custom-control custom-checkbox mr-sm-2 mb-2 checkbox"
        >
          <input
            class="custom-control-input input"
            data-testid="checkbox"
            id="tsQuery-integration-and-delivery"
            name="tsQuery"
            type="checkbox"
            value="integration-and-delivery"
          />
          <label
            class="custom-control-label w-100 label"
            data-testid="checkboxLabel"
            for="tsQuery-integration-and-delivery"
          >
            <div
              class="d-flex align-items-baseline mw-100"
            >
              <span
                class="d-inline-block text-truncate"
              >
                Integration and Delivery
              </span>
            </div>
          </label>
        </div>
        <div
          class="custom-control custom-checkbox mr-sm-2 mb-2 checkbox"
        >
          <input
            class="custom-control-input input"
            data-testid="checkbox"
            id="tsQuery-logging-and-tracing"
            name="tsQuery"
            type="checkbox"
            value="logging-and-tracing"
          />
          <label
            class="custom-control-label w-100 label"
            data-testid="checkboxLabel"
            for="tsQuery-logging-and-tracing"
          >
            <div
              class="d-flex align-items-baseline mw-100"
            >
              <span
                class="d-inline-block text-truncate"
              >
                Logging and Tracing
              </span>
            </div>
          </label>
        </div>
        <div
          class="custom-control custom-checkbox mr-sm-2 mb-2 checkbox"
        >
          <input
            class="custom-control-input input"
            data-testid="checkbox"
            id="tsQuery-machine-learning"
            name="tsQuery"
            type="checkbox"
            value="machine-learning"
          />
          <label
            class="custom-control-label w-100 label"
            data-testid="checkboxLabel"
            for="tsQuery-machine-learning"
          >
            <div
              class="d-flex align-items-baseline mw-100"
            >
              <span
                class="d-inline-block text-truncate"
              >
                Machine learning
              </span>
            </div>
          </label>
        </div>
        <div
          class="custom-control custom-checkbox mr-sm-2 mb-2 checkbox"
        >
          <input
            class="custom-control-input input"
            data-testid="checkbox"
            id="tsQuery-monitoring"
            name="tsQuery"
            type="checkbox"
            value="monitoring"
          />
          <label
            class="custom-control-label w-100 label"
            data-testid="checkboxLabel"
            for="tsQuery-monitoring"
          >
            <div
              class="d-flex align-items-baseline mw-100"
            >
              <span
                class="d-inline-block text-truncate"
              >
                Monitoring
              </span>
            </div>
          </label>
        </div>
        <div
          class="custom-control custom-checkbox mr-sm-2 mb-2 checkbox"
        >
          <input
            class="custom-control-input input"
            data-testid="checkbox"
            id="tsQuery-networking"
            name="tsQuery"
            type="checkbox"
            value="networking"
          />
          <label
            class="custom-control-label w-100 label"
            data-testid="checkboxLabel"
            for="tsQuery-networking"
          >
            <div
              class="d-flex align-items-baseline mw-100"
            >
              <span
                class="d-inline-block text-truncate"
              >
                Networking
              </span>
            </div>
          </label>
        </div>
        <div
          class="custom-control custom-checkbox mr-sm-2 mb-2 checkbox"
        >
          <input
            class="custom-control-input input"
            data-testid="checkbox"
            id="tsQuery-security"
            name="tsQuery"
            type="checkbox"
            value="security"
          />
          <label
            class="custom-control-label w-100 label"
            data-testid="checkboxLabel"
            for="tsQuery-security"
          >
            <div
              class="d-flex align-items-baseline mw-100"
            >
              <span
                class="d-inline-block text-truncate"
              >
                Security
              </span>
            </div>
          </label>
        </div>
        <div
          class="custom-control custom-checkbox mr-sm-2 mb-2 checkbox"
        >
          <input
            class="custom-control-input input"
            data-testid="checkbox"
            id="tsQuery-storage"
            name="tsQuery"
            type="checkbox"
            value="storage"
          />
          <label
            class="custom-control-label w-100 label"
            data-testid="checkboxLabel"
            for="tsQuery-storage"
          >
            <div
              class="d-flex align-items-baseline mw-100"
            >
              <span
                class="d-inline-block text-truncate"
              >
                Storage
              </span>
            </div>
          </label>
        </div>
        <div
          class="custom-control custom-checkbox mr-sm-2 mb-2 checkbox"
        >
          <input
            class="custom-control-input input"
            data-testid="checkbox"
            id="tsQuery-streaming-messaging"
            name="tsQuery"
            type="checkbox"
            value="streaming-messaging"
          />
          <label
            class="custom-control-label w-100 label"
            data-testid="checkboxLabel"
            for="tsQuery-streaming-messaging"
          >
            <div
              class="d-flex align-items-baseline mw-100"
            >
              <span
                class="d-inline-block text-truncate"
              >
                Streaming and Messaging
              </span>
            </div>
          </label>
        </div>
        <div
          class="custom-control custom-checkbox mr-sm-2 mb-2 checkbox"
        >
          <input
            class="custom-control-input input"
            data-testid="checkbox"
            id="tsQuery-web-applications"
            name="tsQuery"
            type="checkbox"
            value="web-applications"
          />
          <label
            class="custom-control-label w-100 label"
            data-testid="checkboxLabel"
            for="tsQuery-web-applications"
          >
            <div
              class="d-flex align-items-baseline mw-100"
            >
              <span
                class="d-inline-block text-truncate"
              >
                Web applications
              </span>
            </div>
          </label>
        </div>
      </div>
    </div>
    <div
      class="position-relative mt-2 mt-sm-3 pt-1"
    >
      <button
        class="btn text-left p-0 btn-block"
        data-testid="typeaheadBtn"
      >
        <div
          class="d-flex flex-row align-items-center justify-content-between"
        >
          <div
            class="mt-2 mb-1 undefined"
            data-testid="smallTitle"
          >
            <small
              class="card-title text-muted text-uppercase"
            >
              <span
                class="text-secondary font-weight-bold pt-2"
              >
                publisher
              </span>
            </small>
          </div>
          <svg
            class="mt-2 mb-1 text-secondary"
            fill="currentColor"
            height="1em"
            stroke="currentColor"
            stroke-width="0"
            viewBox="0 0 24 24"
            width="1em"
            xmlns="http://www.w3.org/2000/svg"
          >
            <path
              d="M10 18h4v-2h-4v2zM3 6v2h18V6H3zm3 7h12v-2H6v2z"
            />
          </svg>
        </div>
        <div>
          <div
            class="text-muted option"
          >
            <i>
              No publisher selected
            </i>
          </div>
        </div>
      </button>
    </div>
    <div
      class="position-relative mt-2 mt-sm-3 pt-1"
    >
      <button
        class="btn text-left p-0 btn-block"
        data-testid="typeaheadBtn"
      >
        <div
          class="d-flex flex-row align-items-center justify-content-between"
        >
          <div
            class="mt-2 mb-1 undefined"
            data-testid="smallTitle"
          >
            <small
              class="card-title text-muted text-uppercase"
            >
              <span
                class="text-secondary font-weight-bold pt-2"
              >
                repository
              </span>
            </small>
          </div>
          <svg
            class="mt-2 mb-1 text-secondary"
            fill="currentColor"
            height="1em"
            stroke="currentColor"
            stroke-width="0"
            viewBox="0 0 24 24"
            width="1em"
            xmlns="http://www.w3.org/2000/svg"
          >
            <path
              d="M10 18h4v-2h-4v2zM3 6v2h18V6H3zm3 7h12v-2H6v2z"
            />
          </svg>
        </div>
        <div>
          <div
            class="text-muted option"
          >
            <i>
              No repository selected
            </i>
          </div>
        </div>
      </button>
    </div>
    <div
      class="position-relative mt-2 mt-sm-3 pt-1"
    >
      <button
        class="btn text-left p-0 btn-block"
        data-testid="typeaheadBtn"
      >
        <div
          class="d-flex flex-row align-items-center justify-content-between"
        >
          <div
            class="mt-2 mb-1 undefined"
            data-testid="smallTitle"
          >
            <small
              class="card-title text-muted text-uppercase"
            >
              <span
                class="text-secondary font-weight-bold pt-2"
              >
                license
              </span>
            </small>
          </div>
          <svg
            class="mt-2 mb-1 text-secondary"
            fill="currentColor"
            height="1em"
            stroke="currentColor"
            stroke-width="0"
            viewBox="0 0 24 24"
            width="1em"
            xmlns="http://www.w3.org/2000/svg"
          >
            <path
              d="M10 18h4v-2h-4v2zM3 6v2h18V6H3zm3 7h12v-2H6v2z"
            />
          </svg>
        </div>
        <div>
          <div
            class="text-muted option"
          >
            <i>
              No license selected
            </i>
          </div>
        </div>
      </button>
    </div>
    <div
      class="mt-2 mt-sm-3 pt-1 facet"
      role="menuitem"
    >
      <div
        class="mt-2 mb-1 undefined"
        data-testid="smallTitle"
      >
        <small
          class="card-title text-muted text-uppercase"
        >
          <span
            class="text-secondary font-weight-bold"
          >
            Operator capabilities
          </span>
        </small>
      </div>
      <div
        class="mt-3"
      >
        <div
          class="custom-control custom-checkbox mr-sm-2 mb-2 text-capitalize checkbox"
        >
          <input
            class="custom-control-input input"
            data-testid="checkbox"
            id="capabilities-basic install"
            name="capabilities"
            type="checkbox"
            value="basic install"
          />
          <label
            class="custom-control-label w-100 label"
            data-testid="checkboxLabel"
            for="capabilities-basic install"
          >
            <div
              class="d-flex align-items-baseline mw-100"
            >
              <span
                class="d-inline-block text-truncate"
              >
                basic install
              </span>
              <small
                class="pl-1"
              >
                (73)
              </small>
            </div>
          </label>
        </div>
        <div
          class="custom-control custom-checkbox mr-sm-2 mb-2 text-capitalize checkbox"
        >
          <input
            class="custom-control-input input"
            data-testid="checkbox"
            id="capabilities-seamless upgrades"
            name="capabilities"
            type="checkbox"
            value="seamless upgrades"
          />
          <label
            class="custom-control-label w-100 label"
            data-testid="checkboxLabel"
            for="capabilities-seamless upgrades"
          >
            <div
              class="d-flex align-items-baseline mw-100"
            >
              <span
                class="d-inline-block text-truncate"
              >
                seamless upgrades
              </span>
              <small
                class="pl-1"
              >
                (33)
              </small>
            </div>
          </label>
        </div>
        <div
          class="custom-control custom-checkbox mr-sm-2 mb-2 text-capitalize checkbox"
        >
          <input
            class="custom-control-input input"
            data-testid="checkbox"
            id="capabilities-full lifecycle"
            name="capabilities"
            type="checkbox"
            value="full lifecycle"
          />
          <label
            class="custom-control-label w-100 label"
            data-testid="checkboxLabel"
            for="capabilities-full lifecycle"
          >
            <div
              class="d-flex align-items-baseline mw-100"
            >
              <span
                class="d-inline-block text-truncate"
              >
                full lifecycle
              </span>
              <small
                class="pl-1"
              >
                (25)
              </small>
            </div>
          </label>
        </div>
        <div
          class="custom-control custom-checkbox mr-sm-2 mb-2 text-capitalize checkbox"
        >
          <input
            class="custom-control-input input"
            data-testid="checkbox"
            id="capabilities-deep insights"
            name="capabilities"
            type="checkbox"
            value="deep insights"
          />
          <label
            class="custom-control-label w-100 label"
            data-testid="checkboxLabel"
            for="capabilities-deep insights"
          >
            <div
              class="d-flex align-items-baseline mw-100"
            >
              <span
                class="d-inline-block text-truncate"
              >
                deep insights
              </span>
              <small
                class="pl-1"
              >
                (17)
              </small>
            </div>
          </label>
        </div>
        <div
          class="custom-control custom-checkbox mr-sm-2 mb-2 text-capitalize checkbox"
        >
          <input
            class="custom-control-input input"
            data-testid="checkbox"
            id="capabilities-auto pilot"
            name="capabilities"
            type="checkbox"
            value="auto pilot"
          />
          <label
            class="custom-control-label w-100 label"
            data-testid="checkboxLabel"
            for="capabilities-auto pilot"
          >
            <div
              class="d-flex align-items-baseline mw-100"
            >
              <span
                class="d-inline-block text-truncate"
              >
                auto pilot
              </span>
              <small
                class="pl-1"
              >
                (9)
              </small>
            </div>
          </label>
        </div>
      </div>
    </div>
    <div
      class="mt-2 mt-sm-3 pt-1 facet"
      role="menuitem"
    >
      <div
        class="mt-2 mb-1 undefined"
        data-testid="smallTitle"
      >
        <small
          class="card-title text-muted text-uppercase"
        >
          <span
            class="text-secondary font-weight-bold"
          >
            Others
          </span>
        </small>
      </div>
      <div
        class="mt-3"
      >
        <div
          class="custom-control custom-checkbox mr-sm-2 mb-2 checkbox"
        >
          <input
            class="custom-control-input input"
            data-testid="checkbox"
            id="operators-operators"
            name="operators"
            type="checkbox"
            value="operators"
          />
          <label
            class="custom-control-label w-100 label"
            data-testid="checkboxLabel"
            for="operators-operators"
          >
            <div
              class="d-flex align-items-baseline mw-100"
            >
              <span
                class="d-inline-block text-truncate"
              >
                Only operators
              </span>
            </div>
          </label>
        </div>
        <div
          class="custom-control custom-checkbox mr-sm-2 mb-2 checkbox"
        >
          <input
            class="custom-control-input input"
            data-testid="checkbox"
            id="deprecated-deprecated"
            name="deprecated"
            type="checkbox"
            value="deprecated"
          />
          <label
            class="custom-control-label w-100 label"
            data-testid="checkboxLabel"
            for="deprecated-deprecated"
          >
            <div
              class="d-flex align-items-baseline mw-100"
            >
              <span
                class="d-inline-block text-truncate"
              >
                Include deprecated
              </span>
            </div>
          </label>
        </div>
      </div>
    </div>
  </div>
</DocumentFragment>
`;
